Thu Jan 23 17:36:54 2025 - Test Log Initialized
Thu Jan 23 17:36:54 2025 - [1;37mSOFT_VECTORS_DEVICE[0;32m Read/Write Test PASSED[0m
Thu Jan 23 17:36:54 2025 - [1;37mSYSTEM_MEMORY_DEVICE[0;32m Read/Write Test PASSED[0m
Thu Jan 23 17:36:54 2025 - [1;37mVIDEO_BUFFER_DEVICE[0;32m Read/Write Test PASSED[0m
Thu Jan 23 17:36:54 2025 - [1;37mUSER_MEMORY_DEVICE[0;32m Read/Write Test PASSED[0m
Thu Jan 23 17:36:54 2025 - [1;37mBANKED_MEMORY_REGION[0;32m Read/Write Test PASSED[0m
Thu Jan 23 17:36:54 2025 - [1;37mKERNEL_ROM_DEVICE[0;32m Read-Only Test PASSED[0m
Thu Jan 23 17:36:54 2025 - [1;37mSYS_DEVICE[1;31m Kernel_Rom Not Yet Implemented[0m
Thu Jan 23 17:36:54 2025 - No unit tests defined for GPU_DEVICE.
Thu Jan 23 17:36:54 2025 - No unit tests defined for BANKED_MEMORY_DEVICE.
Thu Jan 23 17:36:54 2025 - No unit tests defined for CSR_DEVICE.
Thu Jan 23 17:36:54 2025 - No unit tests defined for KEYBOARD_DEVICE.
Thu Jan 23 17:36:54 2025 - No unit tests defined for JOYSTICK_DEVICE.
Thu Jan 23 17:36:54 2025 - No unit tests defined for FIO_DEVICE.
Thu Jan 23 17:36:54 2025 - [1;37mMATH_DEVICE[0;32m Unit Tests PASSED[0m
Thu Jan 23 17:36:54 2025 - [1;37mHDW_RESERVED_DEVICE[0;32m Read/Write Test PASSED[0m
Thu Jan 23 17:36:54 2025 - [1;37mROM_VECTS_DEVICE[0;32m Read-Only Test PASSED[0m
Thu Jan 23 17:36:58 2025 - Test Log Closed
